// Jest Snapshot v1, https://goo.gl/fbAQLP

exports[`Prueba en <HookApp /> Debe de mostrarse correctamente 1`] = `
<div>
  <h1>
    Hola Mundo
  </h1>
</div>
`;
